TAP version 13
# Subtest: candidate creates versioned assignments
ok 1 - candidate creates versioned assignments
  ---
  duration_ms: 2976.847192
  type: 'test'
  ...
# Subtest: six identities and task linkage survive repeat candidate seed
ok 2 - six identities and task linkage survive repeat candidate seed
  ---
  duration_ms: 29.087973
  type: 'test'
  ...
# Subtest: five business functions plus independent assurance remain proposed
ok 3 - five business functions plus independent assurance remain proposed
  ---
  duration_ms: 2.169954
  type: 'test'
  ...
# Subtest: engineering identity is inactive with no allowed actions
ok 4 - engineering identity is inactive with no allowed actions
  ---
  duration_ms: 1.021389
  type: 'test'
  ...
# Subtest: assignment activation is rejected until authenticated approval path exists
ok 5 - assignment activation is rejected until authenticated approval path exists
  ---
  duration_ms: 3.014246
  type: 'test'
  ...
# Subtest: policy snapshots cannot be rewritten, even by ordinary owner DML
ok 6 - policy snapshots cannot be rewritten, even by ordinary owner DML
  ---
  duration_ms: 2.483376
  type: 'test'
  ...
# Subtest: policy widening cannot silently replace the current profile
ok 7 - policy widening cannot silently replace the current profile
  ---
  duration_ms: 1.54723
  type: 'test'
  ...
# Subtest: service and authenticated callers cannot assign, self-approve or change controls
ok 8 - service and authenticated callers cannot assign, self-approve or change controls
  ---
  duration_ms: 11.370026
  type: 'test'
  ...
# Subtest: failed mapping transaction rolls back the whole write
ok 9 - failed mapping transaction rolls back the whole write
  ---
  duration_ms: 5.904954
  type: 'test'
  ...
# Subtest: same assignment version cannot be duplicated
ok 10 - same assignment version cannot be duplicated
  ---
  duration_ms: 1.651502
  type: 'test'
  ...
# Subtest: operating controls stay disabled
ok 11 - operating controls stay disabled
  ---
  duration_ms: 1.064967
  type: 'test'
  ...
# Subtest: gateway normalization denies empty
ok 12 - gateway normalization denies empty
  ---
  duration_ms: 1.606242
  type: 'test'
  ...
# Subtest: gateway normalization denies null
ok 13 - gateway normalization denies null
  ---
  duration_ms: 1.241733
  type: 'test'
  ...
# Subtest: gateway normalization denies multiple
ok 14 - gateway normalization denies multiple
  ---
  duration_ms: 0.171356
  type: 'test'
  ...
# Subtest: gateway normalization denies missing-fields
ok 15 - gateway normalization denies missing-fields
  ---
  duration_ms: 0.134354
  type: 'test'
  ...
# Subtest: gateway normalization denies string-boolean
ok 16 - gateway normalization denies string-boolean
  ---
  duration_ms: 0.209302
  type: 'test'
  ...
# Subtest: gateway normalization denies contradictory-reason
ok 17 - gateway normalization denies contradictory-reason
  ---
  duration_ms: 0.120346
  type: 'test'
  ...
# Subtest: gateway normalization denies approval-required
ok 18 - gateway normalization denies approval-required
  ---
  duration_ms: 0.143459
  type: 'test'
  ...
# Subtest: gateway normalization denies invalid-uuid
ok 19 - gateway normalization denies invalid-uuid
  ---
  duration_ms: 0.353263
  type: 'test'
  ...
# Subtest: gateway normalization denies invalid-risk
ok 20 - gateway normalization denies invalid-risk
  ---
  duration_ms: 0.355975
  type: 'test'
  ...
# Subtest: gateway normalization denies invalid-budget
ok 21 - gateway normalization denies invalid-budget
  ---
  duration_ms: 0.400014
  type: 'test'
  ...
# Subtest: gateway normalization denies forged-role
ok 22 - gateway normalization denies forged-role
  ---
  duration_ms: 0.206998
  type: 'test'
  ...
# Subtest: normalization preserves an explicit database denial
ok 23 - normalization preserves an explicit database denial
  ---
  duration_ms: 1.040556
  type: 'test'
  ...
# Subtest: one complete server result can retain its allow
ok 24 - one complete server result can retain its allow
  ---
  duration_ms: 0.230996
  type: 'test'
  ...
# Subtest: recovered schema preserves six identities and foreign-key task linkage
ok 25 - recovered schema preserves six identities and foreign-key task linkage
  ---
  duration_ms: 3035.438758
  type: 'test'
  ...
# Subtest: duplicate display names cannot introduce an ambiguous identity
ok 26 - duplicate display names cannot introduce an ambiguous identity
  ---
  duration_ms: 1.877664
  type: 'test'
  ...
# Subtest: existing service role cannot mutate private authority tables
ok 27 - existing service role cannot mutate private authority tables
  ---
  duration_ms: 1.617969
  type: 'test'
  ...
# Subtest: service wrapper returns a denial for unknown task, anonymous callers cannot invoke it
ok 28 - service wrapper returns a denial for unknown task, anonymous callers cannot invoke it
  ---
  duration_ms: 7.322586
  type: 'test'
  ...
# Subtest: model, external and production controls remain disabled
ok 29 - model, external and production controls remain disabled
  ---
  duration_ms: 1.475837
  type: 'test'
  ...
# Subtest: a proposed assignment never authorizes execution
ok 30 - a proposed assignment never authorizes execution
  ---
  duration_ms: 2842.754089
  type: 'test'
  ...
# Subtest: inactive engineering is denied
ok 31 - inactive engineering is denied
  ---
  duration_ms: 8.387594
  type: 'test'
  ...
# Subtest: caller role claims and unverified approval records do not activate execution
ok 32 - caller role claims and unverified approval records do not activate execution
  ---
  duration_ms: 9.854987
  type: 'test'
  ...
# Subtest: internal authority checker also returns explicit deny for absent task
ok 33 - internal authority checker also returns explicit deny for absent task
  ---
  duration_ms: 3.379418
  type: 'test'
  ...
# Subtest: model kill switch is preserved
ok 34 - model kill switch is preserved
  ---
  duration_ms: 3.268136
  type: 'test'
  ...
1..34
# tests 34
# suites 0
# pass 34
# fail 0
# cancelled 0
# skipped 0
# todo 0
# duration_ms 3219.19816
